
> fracto-frontend@0.0.0 build
> ng build

[33mΓ¥»[39m Building...
[32mΓ£ö[39m Building...
[35mBrowser bundles[39m     
[1mInitial chunk files[22m [2m | [22m[1mNames[22m                   [2m | [22m [1mRaw size[22m[2m | [22m[1mEstimated transfer size[22m
[32mchunk-FAUB57UL.js[39m   [2m | [22m[2m-[22m                       [2m | [22m[36m180.35 kB[39m[2m | [22m               [36m53.13 kB[39m
[32mchunk-UB2B4YKR.js[39m   [2m | [22m[2m-[22m                       [2m | [22m [36m90.76 kB[39m[2m | [22m               [36m23.26 kB[39m
[32mmain-WKMFFMRX.js[39m    [2m | [22m[2mmain[22m                    [2m | [22m [36m17.28 kB[39m[2m | [22m                [36m1.99 kB[39m
[32mstyles-5INURTSO.css[39m [2m | [22m[2mstyles[22m                  [2m | [22m  [36m0 bytes[39m[2m | [22m                [36m0 bytes[39m

[1m [22m                   [2m | [22m[1mInitial total[22m           [2m | [22m[1m288.39 kB[22m[2m | [22m               [1m78.38 kB[22m

[1mLazy chunk files[22m    [2m | [22m[1mNames[22m                   [2m | [22m [1mRaw size[22m[2m | [22m[1mEstimated transfer size[22m
[32mchunk-CDBEIEV3.js[39m   [2m | [22m[2m-[22m                       [2m | [22m [36m38.18 kB[39m[2m | [22m                [36m8.16 kB[39m
[32mchunk-3DU3VZJF.js[39m   [2m | [22m[2mleave-review-component[22m  [2m | [22m  [36m6.64 kB[39m[2m | [22m                [36m2.09 kB[39m
[32mchunk-P56OIUT7.js[39m   [2m | [22m[2mlanding-component[22m       [2m | [22m  [36m6.50 kB[39m[2m | [22m                [36m1.84 kB[39m
[32mchunk-MVKKLEKO.js[39m   [2m | [22m[2mdoctor-reviews-component[22m[2m | [22m  [36m5.77 kB[39m[2m | [22m                [36m1.78 kB[39m
[32mchunk-KSW73SE5.js[39m   [2m | [22m[2madmin-home-component[22m    [2m | [22m  [36m4.69 kB[39m[2m | [22m                [36m1.53 kB[39m
[32mchunk-34PQ2PUU.js[39m   [2m | [22m[2mregister-component[22m      [2m | [22m  [36m4.21 kB[39m[2m | [22m                [36m1.47 kB[39m
[32mchunk-QQBQTZUM.js[39m   [2m | [22m[2mpatient-home-component[22m  [2m | [22m  [36m3.97 kB[39m[2m | [22m                [36m1.33 kB[39m
[32mchunk-YEQLKEAG.js[39m   [2m | [22m[2mlogin-component[22m         [2m | [22m  [36m3.92 kB[39m[2m | [22m                [36m1.41 kB[39m


[35mServer bundles[39m      
[1mInitial chunk files[22m [2m | [22m[1mNames[22m                   [2m | [22m [1mRaw size[22m
[32mserver.mjs[39m          [2m | [22m[2mserver[22m                  [2m | [22m[36m810.37 kB[39m[2m | [22m                       
[32mmain.server.mjs[39m     [2m | [22m[2mmain.server[22m             [2m | [22m[36m455.79 kB[39m[2m | [22m                       
[32mpolyfills.server.mjs[39m[2m | [22m[2mpolyfills.server[22m        [2m | [22m[36m233.25 kB[39m[2m | [22m                       
[32mchunk-RT46ZHJD.mjs[39m  [2m | [22m[2m-[22m                       [2m | [22m[36m178.79 kB[39m[2m | [22m                       
[32mchunk-3QOEBJKW.mjs[39m  [2m | [22m[2m-[22m                       [2m | [22m [36m91.64 kB[39m[2m | [22m                       
[32mchunk-L2MVFUKD.mjs[39m  [2m | [22m[2m-[22m                       [2m | [22m  [36m1.32 kB[39m[2m | [22m                       
[32mchunk-T55IDOPT.mjs[39m  [2m | [22m[2m-[22m                       [2m | [22m[36m976 bytes[39m[2m | [22m                       

[1mLazy chunk files[22m    [2m | [22m[1mNames[22m                   [2m | [22m [1mRaw size[22m
[32mchunk-4WY5JBK5.mjs[39m  [2m | [22m[2m-[22m                       [2m | [22m [36m38.25 kB[39m[2m | [22m                       
[32mchunk-RHDGF2TI.mjs[39m  [2m | [22m[2mxhr2[22m                    [2m | [22m [36m12.14 kB[39m[2m | [22m                       
[32mchunk-N3SI5I4Q.mjs[39m  [2m | [22m[2mxhr2[22m                    [2m | [22m [36m12.07 kB[39m[2m | [22m                       
[32mchunk-32C7AFG5.mjs[39m  [2m | [22m[2mleave-review-component[22m  [2m | [22m  [36m6.71 kB[39m[2m | [22m                       
[32mchunk-HSCC3LRO.mjs[39m  [2m | [22m[2mlanding-component[22m       [2m | [22m  [36m6.56 kB[39m[2m | [22m                       
[32mchunk-7V3D67OW.mjs[39m  [2m | [22m[2mdoctor-reviews-component[22m[2m | [22m  [36m5.84 kB[39m[2m | [22m                       
[32mchunk-PN6333FM.mjs[39m  [2m | [22m[2madmin-home-component[22m    [2m | [22m  [36m4.76 kB[39m[2m | [22m                       
[32mchunk-NWFOJG44.mjs[39m  [2m | [22m[2mregister-component[22m      [2m | [22m  [36m4.28 kB[39m[2m | [22m                       
[32mchunk-IGCCCV7N.mjs[39m  [2m | [22m[2mpatient-home-component[22m  [2m | [22m  [36m4.03 kB[39m[2m | [22m                       
[32mchunk-OQKJXT56.mjs[39m  [2m | [22m[2mlogin-component[22m         [2m | [22m  [36m3.99 kB[39m[2m | [22m                       

[35mPrerendered 7 static routes.[39m
Application bundle generation failed. [6.220 seconds] - 2026-03-13T16:39:41.244Z

node.exe : [1m[33m[33mΓû▓ 
[43;33m[[43;30mWARNING[43;
33m][0m [1mNG8113: 
RouterLink is not used 
within the template of 
AdminHomeComponent[0m 
[1m[35m[plugin 
angular-compiler][0m
At C:\Program 
Files\nodejs\npm.ps1:29 
char:3
+   & $NODE_EXE $NPM_CLI_JS 
$args
+   
~~~~~~~~~~~~~~~~~~~~~~~~~~~~~
    + CategoryInfo           
   : NotSpecifi    ed: 
([1m[33m[33    
mΓ...r-compiler][    
0m:String) [], Rem    
oteException
    + FullyQualifiedEr    
rorId : NativeComm    
andError
 

    src/app/features/admin-da
shboard/admin-home/admin-home
.component.ts:8:26:
[37m      8 Γöé   imports: 
[CommonModule, 
[32mRouterLink[37m],
        Γò╡                  
         [32m~~~~~~~~~~[0m


[33mΓû▓ [43;33m[[43;30mWAR
NING[43;33m][0m [1mcss-inl
ine-fonts:https://fonts.googl
eapis.com/css2?family=Inter:w
ght@300;400;500;600;700;800&d
isplay=swap exceeded maximum 
budget. Budget 4.00 kB was 
not met by 11.58 kB with a 
total of 15.58 kB.[0m

[39m[22m
[1m[31m[31mX [41;31m[[41
;97mERROR[41;31m][0m [1mcs
s-inline-fonts:https://fonts.
googleapis.com/css2?family=In
ter:wght@300;400;500;600;700;
800&display=swap exceeded 
maximum budget. Budget 8.00 
kB was not met by 7.58 kB 
with a total of 15.58 kB.[0m

[39m[22m
